
> server@1.0.0 build
> rimraf dist && tsc

src/services/ReportsService.ts(446,39): error TS2353: Object literal may only specify known properties, and 'companyId' does not exist in type '(Without<PurchaseFromParentScalarRelationFilter, PurchaseFromParentWhereInput> & PurchaseFromParentWhereInput) | (Without<...> & PurchaseFromParentScalarRelationFilter)'.
src/services/ReportsService.ts(462,61): error TS2353: Object literal may only specify known properties, and 'description' does not exist in type 'DamageReportSelect<DefaultArgs>'.
src/services/ReportsService.ts(482,17): error TS2551: Property 'purchase' does not exist on type '{ id: number; productId: number; purchaseId: number; qty: Decimal; unitPrice: Decimal; subTotal: Decimal; }'. Did you mean 'purchaseId'?
src/services/ReportsService.ts(484,55): error TS2551: Property 'purchase' does not exist on type '{ id: number; productId: number; purchaseId: number; qty: Decimal; unitPrice: Decimal; subTotal: Decimal; }'. Did you mean 'purchaseId'?
src/services/ReportsService.ts(496,17): error TS2551: Property 'damageReport' does not exist on type '{ id: number; productId: number; notes: string | null; createdAt: Date; damageReportId: number; quantity: Decimal; }'. Did you mean 'damageReportId'?
src/services/ReportsService.ts(498,33): error TS2551: Property 'damageReport' does not exist on type '{ id: number; productId: number; notes: string | null; createdAt: Date; damageReportId: number; quantity: Decimal; }'. Did you mean 'damageReportId'?
