src/services/purchaseExpense.service.ts(643,2): error TS1127: Invalid character.
src/services/purchaseExpense.service.ts(644,1): error TS1127: Invalid character.
src/services/purchaseExpense.service.ts(645,1): error TS1127: Invalid character.
